// Jest Snapshot v1, https://goo.gl/fbAQLP

exports[`Account ForgotPassword correctly Matches the snapshot 1`] = `
<RCTScrollView>
  <View>
    <View
      style={
        Object {
          "display": "flex",
          "flexDirection": "row",
        }
      }
    >
      <Text
        style={
          Object {
            "fontSize": 18,
            "textAlign": "center",
          }
        }
      >
        Test
      </Text>
    </View>
    <View>
      <View
        style={
          Object {
            "alignItems": "flex-start",
            "backgroundColor": "#ffffff",
            "display": "flex",
            "flex": 1,
            "flexBasis": 90,
            "flexDirection": "column",
            "justifyContent": "center",
            "margin": 5,
          }
        }
      >
        <Text
          style={
            Object {
              "flex": 1,
              "fontSize": 16,
              "paddingBottom": 10,
            }
          }
        >
          Email: 
        </Text>
        <TextInput
          allowFontScaling={true}
          autoCorrect={false}
          onChangeText={[Function]}
          placeholder="user.email@dummy.com"
          rejectResponderTermination={true}
          style={
            Object {
              "backgroundColor": "#ffffff",
              "color": "#000",
              "elevation": 1,
              "flex": 2,
              "fontSize": 18,
              "lineHeight": 3,
              "paddingBottom": 20,
              "paddingLeft": 5,
              "paddingRight": 5,
              "shadowOffset": Object {
                "height": 10,
                "width": 5,
              },
              "shadowOpacity": 1,
              "shadowRadius": 5,
            }
          }
          underlineColorAndroid="transparent"
          underlineColorAnroid="transparent"
          value="Test"
        />
        <Text
          style={
            Object {
              "bottom": 0,
              "color": "red",
              "elevation": 1,
              "fontSize": 10,
              "justifyContent": "center",
              "marginTop": 10,
              "position": "absolute",
              "textAlign": "center",
            }
          }
        >
          Test
        </Text>
      </View>
    </View>
    <View
      style={
        Object {
          "display": "flex",
          "flexDirection": "row",
        }
      }
    >
      <View
        accessible={true}
        focusable={false}
        isTVSelectable={true}
        onClick={[Function]}
        onResponderGrant={[Function]}
        onResponderMove={[Function]}
        onResponderRelease={[Function]}
        onResponderTerminate={[Function]}
        onResponderTerminationRequest={[Function]}
        onStartShouldSetResponder={[Function]}
        style={
          Object {
            "opacity": 1,
          }
        }
      >
        <Text>
          Reset Password
        </Text>
      </View>
    </View>
  </View>
</RCTScrollView>
`;
