// Jest Snapshot v1, https://goo.gl/fbAQLP

exports[`appointment item correctly render Matches the snapshot 1`] = `
<View>
  <View
    accessible={true}
    focusable={true}
    isTVSelectable={true}
    onClick={[Function]}
    onResponderGrant={[Function]}
    onResponderMove={[Function]}
    onResponderRelease={[Function]}
    onResponderTerminate={[Function]}
    onResponderTerminationRequest={[Function]}
    onStartShouldSetResponder={[Function]}
    style={
      Object {
        "opacity": 1,
      }
    }
  >
    <View
      style={
        Object {
          "display": "flex",
          "flexDirection": "row",
        }
      }
    >
      <View
        style={
          Object {
            "display": "flex",
            "flexDirection": "row",
          }
        }
      >
        <View
          style={
            Object {
              "justifyContent": "center",
              "paddingEnd": 1,
              "paddingStart": 10,
            }
          }
        >
          <Image
            source={
              Object {
                "testUri": "../../../src/image/hair-dresser.png",
              }
            }
            style={
              Object {
                "borderRadius": 25,
                "height": 45,
                "width": 45,
              }
            }
          />
        </View>
      </View>
      <View
        style={
          Object {
            "alignItems": "center",
            "display": "flex",
            "flex": 1,
            "flexBasis": 90,
            "flexDirection": "column",
            "justifyContent": "center",
            "margin": 10,
          }
        }
      >
        <View
          style={
            Object {
              "alignItems": "flex-start",
            }
          }
        >
          <Text
            style={
              Object {
                "color": "#724FFD",
              }
            }
          >
            Test
          </Text>
          <Text
            style={
              Object {
                "color": "#724FFD",
              }
            }
          >
            Test
          </Text>
        </View>
      </View>
      <View
        style={
          Object {
            "alignItems": "center",
            "display": "flex",
            "flex": 1,
            "flexBasis": 90,
            "flexDirection": "column",
            "justifyContent": "center",
            "margin": 10,
          }
        }
      >
        <View
          style={
            Object {
              "alignSelf": "flex-end",
            }
          }
        >
          <Text
            style={
              Object {
                "color": "#724FFD",
              }
            }
          >
            Jan 1st|11:10:10
          </Text>
          <Text
            style={
              Object {
                "color": "#724FFD",
              }
            }
          >
            Test
          </Text>
        </View>
      </View>
    </View>
  </View>
</View>
`;
